// Jest Snapshot v1, https://goo.gl/fbAQLP

exports[`Nav should render a Nav 1`] = `undefined`;
