// Jest Snapshot v1, https://goo.gl/fbAQLP

exports[`App App container/component should match the snapshot 1`] = `
<main>
  <Route
    exact={true}
    path="/"
  >
    <Connect(Nav) />
    <Connect(MoviesContainer) />
  </Route>
  <Route
    exact={true}
    path="/movie_details"
  >
    <Connect(Nav) />
    <Connect(MovieDetails) />
  </Route>
  <Route
    exact={true}
    path="/login"
  >
    <Redirect
      to="/"
    />
  </Route>
</main>
`;
