// Jest Snapshot v1, https://goo.gl/fbAQLP

exports[`MovieDetails should render a MovieDetails component 1`] = `undefined`;
